// Jest Snapshot v1, https://jestjs.io/docs/snapshot-testing

exports[`update-sections tool updating a single section should update a section when id and name are provided 1`] = `
"Updated 1 section:
• Updated Section Name (id=existing-section-123, projectId=6cfCcrrCFg2xP94Q)
Next:
- Use find-tasks with sectionId=existing-section-123 to see existing tasks
- Use get-overview with projectId=6cfCcrrCFg2xP94Q to see project structure
- Consider updating task descriptions if section purpose changed"
`;

exports[`update-sections tool updating multiple sections should handle sections from the same project 1`] = `
"Updated 2 sections:
• Backlog (id=section-1, projectId=same-project)
• Done (id=section-2, projectId=same-project)
Next:
- Use find-sections to see all sections with updated names
- Use get-overview with projectId=same-project to see updated project structure
- Consider updating task descriptions if section purposes changed"
`;

exports[`update-sections tool updating multiple sections should update multiple sections and return mapped results 1`] = `
"Updated 3 sections:
• Updated First Section (id=section-1, projectId=project-1)
• Updated Second Section (id=section-2, projectId=project-1)
• Updated Third Section (id=section-3, projectId=project-2)
Next:
- Use find-sections to see all sections with updated names
- Use get-overview to see updated project structures
- Consider updating task descriptions if section purposes changed"
`;
